 0  open    0  /                          punct[{]
 1  open    1  /server                    key["server"] punct[: ] punct[{]
 2  single  2  /server/cache         [C]  key["cache"] punct[: ] punct[{…}] punct[,]
 3  single  2  /server/host               key["host"] punct[: ] string["localhost"]
 4  close   1  /server                    punct[}] punct[,]
 5  single  1  /features             [C]  key["features"] punct[: ] punct[[…]] punct[,]
 6  single  1  /a~1b                 [C]  key["a/b"] punct[: ] punct[{…}] punct[,]
 7  single  1  /opts                 [C]  key["opts"] punct[: ] punct[{…}]
 8  close   0  /                          punct[}]
