 0  open    0  /                          punct[{]
 1  single  1  /short                     key["short"] punct[: ] string["abcd"] punct[,]
 2  single  1  /exact                     key["exact"] punct[: ] string["abcde"] punct[,]
 3  single  1  /over                      key["over"] punct[: ] string["abcde…"] punct[,]
 4  single  1  /keeps-its-full-name       key["keeps-its-full-name"] punct[: ] string["x"] punct[,]
 5  single  1  /kanji                     key["kanji"] punct[: ] string["設定ファイ…"] punct[,]
 6  single  1  /escaped                   key["escaped"] punct[: ] string["ab\ncd…"] punct[,]
 7  single  1  /quotes                    key["quotes"] punct[: ] string["ab\"cd…"]
 8  close   0  /                          punct[}]
