 0  open    0  /                     punct[{]
 1  open    1  /server               key["server"] punct[: ] punct[{]
 2  single  2  /server/host          key["host"] punct[: ] string["localhost"] punct[,]
 3  single  2  /server/port          key["port"] punct[: ] number[8080] punct[,]
 4  open    2  /server/features      key["features"] punct[: ] punct[[]
 5  single  3  /server/features/0    string["search"] punct[,]
 6  single  3  /server/features/1    string["history"]
 7  close   2  /server/features      punct[]]
 8  close   1  /server               punct[}]
 9  close   0  /                     punct[}]
