 0  open     0  /                          punct[[]
 1  open     1  /0                         punct[{]
 2  single   2  /0/id                      key["id"] punct[: ] number[1] punct[,]
 3  open     2  /0/tags                    key["tags"] punct[: ] punct[[]
 4  single   3  /0/tags/0                  string["a"]
 5  close    2  /0/tags                    punct[]]
 6  close    1  /0                         punct[}] punct[,]
 7  open     1  /1                         punct[{]
 8  single   2  /1/id                      key["id"] punct[: ] number[2]
 9  close    1  /1                         punct[}]
10  close    0  /                          punct[]]
