 0  comment  0  /                          comment[// document]
 1  open     0  /                          punct[{]
 2  comment  1  /enabled                   comment[// member]
 3  single   1  /enabled                   key["enabled"] punct[: ] comment[/* value */] punct[ ] bool[true] punct[,] punct[ ] comment[// trailing]
 4  open     1  /items                     key["items"] punct[: ] punct[[] punct[ ] comment[/* first item */]
 5  single   2  /items/0                   string["first"] punct[,] punct[ ] comment[/* item note */]
 6  comment  2  /items/1                   comment[// second item]
 7  single   2  /items/1                   string["second"]
 8  comment  2  /items                     comment[// more items]
 9  close    1  /items                     punct[]] punct[,] punct[ ] comment[/* items complete */]
10  open     1  /nested                    key["nested"] punct[: ] punct[{]
11  single   2  /nested/leaf               key["leaf"] punct[: ] null[null]
12  close    1  /nested                    punct[}] punct[,] punct[ ] comment[/* nested complete */]
13  open     1  /empty-object              key["empty-object"] punct[: ] punct[{]
14  comment  2  /empty-object              comment[/* banner]
15  comment  0  /empty-object              comment[ * kept as written */]
16  close    1  /empty-object              punct[}] punct[,]
17  open     1  /empty-array               key["empty-array"] punct[: ] punct[[]
18  comment  2  /empty-array               comment[// empty]
19  close    1  /empty-array               punct[]]
20  close    0  /                          punct[}]
21  comment  0  /                          comment[// end]
