 0  open     0  /                          punct[{]
 1  single   1  /a~1b                      key["a/b"] punct[: ] string["say \"hi\""] punct[,]
 2  single   1  /c~0d                      key["c~d"] punct[: ] string["tab\there"] punct[,]
 3  single   1  /ctrl                      key["ctrl"] punct[: ] string["nul:\u0000 esc:\u001b"]
 4  close    0  /                          punct[}]
