 0  open     0  /                          punct[{]
 1  single   1  /str                       key["str"] punct[: ] string["text"] punct[,]
 2  single   1  /num                       key["num"] punct[: ] number[-12.5e3] punct[,]
 3  single   1  /yes                       key["yes"] punct[: ] bool[true] punct[,]
 4  single   1  /no                        key["no"] punct[: ] bool[false] punct[,]
 5  single   1  /nothing                   key["nothing"] punct[: ] null[null]
 6  close    0  /                          punct[}]
