 0  comment  0  /                          comment[// document]
 1  open     0  /                          guide[▼ ] key[/] punct[ {5}]
 2  comment  1  /enabled                   comment[// member]
 3  single   1  /enabled                   key[enabled] punct[: ] comment[/* value */] punct[ ] bool[true] punct[ ] comment[// trailing]
 4  open     1  /items                     guide[▼ ] key[items] punct[ [2]] punct[ ] comment[/* first item */]
 5  single   2  /items/0                   key[0] punct[: ] string["first"] punct[ ] comment[/* item note */]
 6  comment  2  /items/1                   comment[// second item]
 7  single   2  /items/1                   key[1] punct[: ] string["second"]
 8  comment  2  /items                     comment[// more items]
 9  comment  1  /items                     comment[/* items complete */]
10  open     1  /nested                    guide[▼ ] key[nested] punct[ {1}]
11  single   2  /nested/leaf               key[leaf] punct[: ] null[null]
12  comment  1  /nested                    comment[/* nested complete */]
13  open     1  /empty-object              guide[▼ ] key[empty-object] punct[ {}]
14  comment  2  /empty-object              comment[/* banner]
15  comment  0  /empty-object              comment[ * kept as written */]
16  open     1  /empty-array               guide[▼ ] key[empty-array] punct[ []]
17  comment  2  /empty-array               comment[// empty]
18  comment  0  /                          comment[// end]
