 0  open     0  /                          guide[▼ ] key[/] punct[ {8}]
 1  single   1  /                          key[""] punct[: ] string["no name at all"]
 2  single   1  /plain                     key[plain] punct[: ] string["a"]
 3  single   1  /with space                key[with space] punct[: ] string["b"]
 4  single   1  /設定                        key[設定] punct[: ] string["c"]
 5  single   1  /say \"hi\"                key["say \"hi\""] punct[: ] string["d"]
 6  single   1  /back\\slash               key["back\\slash"] punct[: ] string["e"]
 7  single   1  /tab\there                 key["tab\there"] punct[: ] string["f"]
 8  single   1  /nl\nhere                  key["nl\nhere"] punct[: ] string["g"]
